// Vitest Snapshot v1, https://vitest.dev/guide/snapshot.html

exports[`deb > arm 1`] = `
{
  "linux": [
    {
      "arch": "armv7l",
      "file": "TestApp_1.1.0_armv7l.deb",
    },
    {
      "arch": "arm64",
      "file": "TestApp_1.1.0_arm64.deb",
    },
  ],
}
`;

exports[`deb > custom depends 1`] = `
{
  "linux": [
    {
      "arch": "x64",
      "file": "TestApp_1.1.0_amd64.deb",
    },
  ],
}
`;

exports[`deb > deb 1`] = `
{
  "linux": [
    {
      "arch": "x64",
      "file": "TestApp_1.1.0_amd64.deb",
    },
  ],
}
`;

exports[`deb > deb file associations 1`] = `
{
  "linux": [
    {
      "arch": "x64",
      "file": "TestApp_1.1.0_amd64.deb",
    },
  ],
}
`;

exports[`deb > executable path in postinst script 1`] = `
{
  "linux": [
    {
      "arch": "x64",
      "file": "TestApp_1.1.0_amd64.deb",
    },
  ],
}
`;

exports[`deb > no quotes for safe exec name 1`] = `
"[Desktop Entry]
Name=foo
Exec=/opt/foo/Boo %U
Terminal=false
Type=Application
Icon=Boo
StartupWMClass=foo
Comment=Test Application (test quite “ #378)
Categories=Development;
"
`;

exports[`deb > no quotes for safe exec name 2`] = `
{
  "linux": [
    {
      "arch": "x64",
      "file": "TestApp_1.1.0_amd64.deb",
    },
  ],
}
`;

exports[`deb > top-level exec name 1`] = `
{
  "linux": [
    {
      "arch": "x64",
      "file": "TestApp_1.1.0_amd64.deb",
    },
  ],
}
`;
