// Vitest Snapshot v1, https://vitest.dev/guide/snapshot.html

exports[`custom finishArgs 1`] = `
{
  "linux": [
    {
      "arch": "x64",
      "file": "Test App ßW-1.1.0-x86_64.flatpak",
      "safeArtifactName": "TestApp-1.1.0-x86_64.flatpak",
    },
  ],
}
`;

exports[`custom runtime and base app version 1`] = `
{
  "linux": [
    {
      "arch": "x64",
      "file": "Test App ßW-1.1.0-x86_64.flatpak",
      "safeArtifactName": "TestApp-1.1.0-x86_64.flatpak",
    },
  ],
}
`;

exports[`enable Wayland flags 1`] = `
{
  "linux": [
    {
      "arch": "x64",
      "file": "Test App ßW-1.1.0-x86_64.flatpak",
      "safeArtifactName": "TestApp-1.1.0-x86_64.flatpak",
    },
  ],
}
`;

exports[`flatpak 1`] = `
{
  "linux": [
    {
      "arch": "x64",
      "file": "Test App ßW-1.1.0-x86_64.flatpak",
      "safeArtifactName": "TestApp-1.1.0-x86_64.flatpak",
    },
  ],
}
`;
