// Jest Snapshot v1, https://goo.gl/fbAQLP

exports[`appId as object 1`] = `
"Invalid configuration object. electron-builder <appVersion> has been initialized using a configuration object that does not match the API schema.
 - configuration.appId should be:
   null | string
   -> The application id. Used as [CFBundleIdentifier](https://developer.apple.com/library/ios/documentation/General/Reference/InfoPlistKeyReference/Articles/CoreFoundationKeys.html#//apple_ref/doc/uid/20001431-102070) for MacOS and as
   [Application User Model ID](https://msdn.microsoft.com/en-us/library/windows/desktop/dd378459(v=vs.85).aspx) for Windows (NSIS target only, Squirrel.Windows not supported). It is strongly recommended that an explicit ID is set.
     How to fix:
     1. Open https://www.electron.build/configuration/configuration
     2. Search the option name on the page (or type in into Search to find across the docs).
       * Not found? The option was deprecated or not exists (check spelling).
       * Found? Check that the option in the appropriate place. e.g. \\"title\\" only in the \\"dmg\\", not in the root.
"
`;

exports[`extraFiles 1`] = `
Object {
  "linux": Array [
    Object {
      "arch": "x64",
      "file": "Test App ßW-1.1.0.AppImage",
      "safeArtifactName": "TestApp-1.1.0-x86_64.AppImage",
      "updateInfo": Object {
        "blockMapSize": "@blockMapSize",
        "sha512": "@sha512",
        "size": "@size",
      },
    },
  ],
}
`;
