// Vitest Snapshot v1, https://vitest.dev/guide/snapshot.html

exports[`default-excluded extension stays excluded without a re-include glob 1`] = `
{
  "linux": [],
}
`;

exports[`expand not defined env 1`] = `"ERR_ELECTRON_BUILDER_ENV_NOT_DEFINED"`;

exports[`extraResources - two-package 1`] = `
{
  "linux": [],
}
`;

exports[`extraResources on Linux 1`] = `
{
  "linux": [],
}
`;

exports[`extraResources on macOS 1`] = `
{
  "mac": [],
}
`;

exports[`files 1`] = `
{
  "linux": [],
}
`;

exports[`files 2`] = `
[
  "index.html",
  "index.js",
  "package.json",
  "test.h",
  "dist/electron/foo.js",
  "app/readme.md",
  "app/package.json/readme.md",
]
`;

exports[`files.from asar 1`] = `
{
  "linux": [],
}
`;

exports[`map resources 1`] = `
{
  "linux": [],
}
`;

exports[`re-include default-excluded extension via files glob 1`] = `
{
  "linux": [],
}
`;
