// Vitest Snapshot v1, https://vitest.dev/guide/snapshot.html

exports[`npm 1`] = `
{
  "linux": [],
}
`;

exports[`package.json => packageManager > npm 1`] = `
{
  "linux": [],
}
`;

exports[`package.json => packageManager > pnpm 1`] = `
{
  "linux": [],
}
`;

exports[`pnpm 1`] = `
{
  "linux": [],
}
`;

exports[`yarn 1`] = `
{
  "linux": [],
}
`;

exports[`yarn berry 1`] = `
{
  "linux": [],
}
`;
