// Vitest Snapshot v1, https://vitest.dev/guide/snapshot.html

exports[`Linux Updater Test > test arch download and install (pacman) 1`] = `
{
  "files": [
    {
      "blockMapSize": 82581,
      "sha512": "u6MIxgkAyGQJNoQh/xZaVN2quQ7+So3t5RXnA2RspDuF0PiMk4q3xE5DhjnTdYCUpFANykEyt/QfmSriGoRamw==",
      "size": 79016577,
      "url": "electron-quick-start-typescript-1.0.4-x86_64.AppImage",
    },
    {
      "sha512": "TUEgrKUlS8RGFW86GlN8YZpuAK5TL0pbVDERmAvv5dPOHXI9VbvrlDEEwCzn0NYrvajVQW03jz64Ik5mhRSCvg==",
      "size": 56079686,
      "url": "electron-quick-start-typescript-1.0.4-amd64.deb",
    },
    {
      "sha512": "RRTErNJKHJX+tfxSzE0EItjPgd+Oh7t4okaaRS4EveokyQp1fZgheLmPuxOft4ptKqjZCvFW+m200rvJRuYcWg==",
      "size": 56055361,
      "url": "electron-quick-start-typescript-1.0.4-x86_64.rpm",
    },
    {
      "sha512": "2mUqhYKCSlAw1aWUNz2707tsqcp2/xSAsVrUVZtKZyfZEzGus63L/A5sW963i1jfuzrWk0HfdyUqYNFNS2HSWA==",
      "size": 56075488,
      "url": "electron-quick-start-typescript-1.0.4-x64.pacman",
    },
  ],
  "path": "electron-quick-start-typescript-1.0.4-x86_64.AppImage",
  "releaseDate": "2024-09-08T16:57:10.775Z",
  "releaseName": "1.0.4",
  "releaseNotes": "<p>pacman autoupdate release added</p>",
  "sha512": "u6MIxgkAyGQJNoQh/xZaVN2quQ7+So3t5RXnA2RspDuF0PiMk4q3xE5DhjnTdYCUpFANykEyt/QfmSriGoRamw==",
  "tag": "v1.0.4",
  "version": "1.0.4",
}
`;

exports[`Linux Updater Test > test arch download and install (pacman) 2`] = `
[
  "checking-for-update",
  "update-available",
  "update-downloaded",
]
`;

exports[`Linux Updater Test > test debian download and install (apt) 1`] = `
{
  "files": [
    {
      "blockMapSize": 82581,
      "sha512": "u6MIxgkAyGQJNoQh/xZaVN2quQ7+So3t5RXnA2RspDuF0PiMk4q3xE5DhjnTdYCUpFANykEyt/QfmSriGoRamw==",
      "size": 79016577,
      "url": "electron-quick-start-typescript-1.0.4-x86_64.AppImage",
    },
    {
      "sha512": "TUEgrKUlS8RGFW86GlN8YZpuAK5TL0pbVDERmAvv5dPOHXI9VbvrlDEEwCzn0NYrvajVQW03jz64Ik5mhRSCvg==",
      "size": 56079686,
      "url": "electron-quick-start-typescript-1.0.4-amd64.deb",
    },
    {
      "sha512": "RRTErNJKHJX+tfxSzE0EItjPgd+Oh7t4okaaRS4EveokyQp1fZgheLmPuxOft4ptKqjZCvFW+m200rvJRuYcWg==",
      "size": 56055361,
      "url": "electron-quick-start-typescript-1.0.4-x86_64.rpm",
    },
    {
      "sha512": "2mUqhYKCSlAw1aWUNz2707tsqcp2/xSAsVrUVZtKZyfZEzGus63L/A5sW963i1jfuzrWk0HfdyUqYNFNS2HSWA==",
      "size": 56075488,
      "url": "electron-quick-start-typescript-1.0.4-x64.pacman",
    },
  ],
  "path": "electron-quick-start-typescript-1.0.4-x86_64.AppImage",
  "releaseDate": "2024-09-08T16:57:10.775Z",
  "releaseName": "1.0.4",
  "releaseNotes": "<p>pacman autoupdate release added</p>",
  "sha512": "u6MIxgkAyGQJNoQh/xZaVN2quQ7+So3t5RXnA2RspDuF0PiMk4q3xE5DhjnTdYCUpFANykEyt/QfmSriGoRamw==",
  "tag": "v1.0.4",
  "version": "1.0.4",
}
`;

exports[`Linux Updater Test > test debian download and install (apt) 2`] = `
[
  "checking-for-update",
  "update-available",
  "update-downloaded",
]
`;

exports[`Linux Updater Test > test debian download and install (dpkg) 1`] = `
{
  "files": [
    {
      "blockMapSize": 82581,
      "sha512": "u6MIxgkAyGQJNoQh/xZaVN2quQ7+So3t5RXnA2RspDuF0PiMk4q3xE5DhjnTdYCUpFANykEyt/QfmSriGoRamw==",
      "size": 79016577,
      "url": "electron-quick-start-typescript-1.0.4-x86_64.AppImage",
    },
    {
      "sha512": "TUEgrKUlS8RGFW86GlN8YZpuAK5TL0pbVDERmAvv5dPOHXI9VbvrlDEEwCzn0NYrvajVQW03jz64Ik5mhRSCvg==",
      "size": 56079686,
      "url": "electron-quick-start-typescript-1.0.4-amd64.deb",
    },
    {
      "sha512": "RRTErNJKHJX+tfxSzE0EItjPgd+Oh7t4okaaRS4EveokyQp1fZgheLmPuxOft4ptKqjZCvFW+m200rvJRuYcWg==",
      "size": 56055361,
      "url": "electron-quick-start-typescript-1.0.4-x86_64.rpm",
    },
    {
      "sha512": "2mUqhYKCSlAw1aWUNz2707tsqcp2/xSAsVrUVZtKZyfZEzGus63L/A5sW963i1jfuzrWk0HfdyUqYNFNS2HSWA==",
      "size": 56075488,
      "url": "electron-quick-start-typescript-1.0.4-x64.pacman",
    },
  ],
  "path": "electron-quick-start-typescript-1.0.4-x86_64.AppImage",
  "releaseDate": "2024-09-08T16:57:10.775Z",
  "releaseName": "1.0.4",
  "releaseNotes": "<p>pacman autoupdate release added</p>",
  "sha512": "u6MIxgkAyGQJNoQh/xZaVN2quQ7+So3t5RXnA2RspDuF0PiMk4q3xE5DhjnTdYCUpFANykEyt/QfmSriGoRamw==",
  "tag": "v1.0.4",
  "version": "1.0.4",
}
`;

exports[`Linux Updater Test > test debian download and install (dpkg) 2`] = `
[
  "checking-for-update",
  "update-available",
  "update-downloaded",
]
`;

exports[`Linux Updater Test > test fedora download and install (dnf) 1`] = `
{
  "files": [
    {
      "blockMapSize": 82581,
      "sha512": "u6MIxgkAyGQJNoQh/xZaVN2quQ7+So3t5RXnA2RspDuF0PiMk4q3xE5DhjnTdYCUpFANykEyt/QfmSriGoRamw==",
      "size": 79016577,
      "url": "electron-quick-start-typescript-1.0.4-x86_64.AppImage",
    },
    {
      "sha512": "TUEgrKUlS8RGFW86GlN8YZpuAK5TL0pbVDERmAvv5dPOHXI9VbvrlDEEwCzn0NYrvajVQW03jz64Ik5mhRSCvg==",
      "size": 56079686,
      "url": "electron-quick-start-typescript-1.0.4-amd64.deb",
    },
    {
      "sha512": "RRTErNJKHJX+tfxSzE0EItjPgd+Oh7t4okaaRS4EveokyQp1fZgheLmPuxOft4ptKqjZCvFW+m200rvJRuYcWg==",
      "size": 56055361,
      "url": "electron-quick-start-typescript-1.0.4-x86_64.rpm",
    },
    {
      "sha512": "2mUqhYKCSlAw1aWUNz2707tsqcp2/xSAsVrUVZtKZyfZEzGus63L/A5sW963i1jfuzrWk0HfdyUqYNFNS2HSWA==",
      "size": 56075488,
      "url": "electron-quick-start-typescript-1.0.4-x64.pacman",
    },
  ],
  "path": "electron-quick-start-typescript-1.0.4-x86_64.AppImage",
  "releaseDate": "2024-09-08T16:57:10.775Z",
  "releaseName": "1.0.4",
  "releaseNotes": "<p>pacman autoupdate release added</p>",
  "sha512": "u6MIxgkAyGQJNoQh/xZaVN2quQ7+So3t5RXnA2RspDuF0PiMk4q3xE5DhjnTdYCUpFANykEyt/QfmSriGoRamw==",
  "tag": "v1.0.4",
  "version": "1.0.4",
}
`;

exports[`Linux Updater Test > test fedora download and install (dnf) 2`] = `
[
  "checking-for-update",
  "update-available",
  "update-downloaded",
]
`;

exports[`Linux Updater Test > test fedora download and install (rpm) 1`] = `
{
  "files": [
    {
      "blockMapSize": 82581,
      "sha512": "u6MIxgkAyGQJNoQh/xZaVN2quQ7+So3t5RXnA2RspDuF0PiMk4q3xE5DhjnTdYCUpFANykEyt/QfmSriGoRamw==",
      "size": 79016577,
      "url": "electron-quick-start-typescript-1.0.4-x86_64.AppImage",
    },
    {
      "sha512": "TUEgrKUlS8RGFW86GlN8YZpuAK5TL0pbVDERmAvv5dPOHXI9VbvrlDEEwCzn0NYrvajVQW03jz64Ik5mhRSCvg==",
      "size": 56079686,
      "url": "electron-quick-start-typescript-1.0.4-amd64.deb",
    },
    {
      "sha512": "RRTErNJKHJX+tfxSzE0EItjPgd+Oh7t4okaaRS4EveokyQp1fZgheLmPuxOft4ptKqjZCvFW+m200rvJRuYcWg==",
      "size": 56055361,
      "url": "electron-quick-start-typescript-1.0.4-x86_64.rpm",
    },
    {
      "sha512": "2mUqhYKCSlAw1aWUNz2707tsqcp2/xSAsVrUVZtKZyfZEzGus63L/A5sW963i1jfuzrWk0HfdyUqYNFNS2HSWA==",
      "size": 56075488,
      "url": "electron-quick-start-typescript-1.0.4-x64.pacman",
    },
  ],
  "path": "electron-quick-start-typescript-1.0.4-x86_64.AppImage",
  "releaseDate": "2024-09-08T16:57:10.775Z",
  "releaseName": "1.0.4",
  "releaseNotes": "<p>pacman autoupdate release added</p>",
  "sha512": "u6MIxgkAyGQJNoQh/xZaVN2quQ7+So3t5RXnA2RspDuF0PiMk4q3xE5DhjnTdYCUpFANykEyt/QfmSriGoRamw==",
  "tag": "v1.0.4",
  "version": "1.0.4",
}
`;

exports[`Linux Updater Test > test fedora download and install (rpm) 2`] = `
[
  "checking-for-update",
  "update-available",
  "update-downloaded",
]
`;

exports[`Linux Updater Test > test fedora download and install (yum) 1`] = `
{
  "files": [
    {
      "blockMapSize": 82581,
      "sha512": "u6MIxgkAyGQJNoQh/xZaVN2quQ7+So3t5RXnA2RspDuF0PiMk4q3xE5DhjnTdYCUpFANykEyt/QfmSriGoRamw==",
      "size": 79016577,
      "url": "electron-quick-start-typescript-1.0.4-x86_64.AppImage",
    },
    {
      "sha512": "TUEgrKUlS8RGFW86GlN8YZpuAK5TL0pbVDERmAvv5dPOHXI9VbvrlDEEwCzn0NYrvajVQW03jz64Ik5mhRSCvg==",
      "size": 56079686,
      "url": "electron-quick-start-typescript-1.0.4-amd64.deb",
    },
    {
      "sha512": "RRTErNJKHJX+tfxSzE0EItjPgd+Oh7t4okaaRS4EveokyQp1fZgheLmPuxOft4ptKqjZCvFW+m200rvJRuYcWg==",
      "size": 56055361,
      "url": "electron-quick-start-typescript-1.0.4-x86_64.rpm",
    },
    {
      "sha512": "2mUqhYKCSlAw1aWUNz2707tsqcp2/xSAsVrUVZtKZyfZEzGus63L/A5sW963i1jfuzrWk0HfdyUqYNFNS2HSWA==",
      "size": 56075488,
      "url": "electron-quick-start-typescript-1.0.4-x64.pacman",
    },
  ],
  "path": "electron-quick-start-typescript-1.0.4-x86_64.AppImage",
  "releaseDate": "2024-09-08T16:57:10.775Z",
  "releaseName": "1.0.4",
  "releaseNotes": "<p>pacman autoupdate release added</p>",
  "sha512": "u6MIxgkAyGQJNoQh/xZaVN2quQ7+So3t5RXnA2RspDuF0PiMk4q3xE5DhjnTdYCUpFANykEyt/QfmSriGoRamw==",
  "tag": "v1.0.4",
  "version": "1.0.4",
}
`;

exports[`Linux Updater Test > test fedora download and install (yum) 2`] = `
[
  "checking-for-update",
  "update-available",
  "update-downloaded",
]
`;

exports[`Linux Updater Test > test fedora download and install (zypper) 1`] = `
{
  "files": [
    {
      "blockMapSize": 82581,
      "sha512": "u6MIxgkAyGQJNoQh/xZaVN2quQ7+So3t5RXnA2RspDuF0PiMk4q3xE5DhjnTdYCUpFANykEyt/QfmSriGoRamw==",
      "size": 79016577,
      "url": "electron-quick-start-typescript-1.0.4-x86_64.AppImage",
    },
    {
      "sha512": "TUEgrKUlS8RGFW86GlN8YZpuAK5TL0pbVDERmAvv5dPOHXI9VbvrlDEEwCzn0NYrvajVQW03jz64Ik5mhRSCvg==",
      "size": 56079686,
      "url": "electron-quick-start-typescript-1.0.4-amd64.deb",
    },
    {
      "sha512": "RRTErNJKHJX+tfxSzE0EItjPgd+Oh7t4okaaRS4EveokyQp1fZgheLmPuxOft4ptKqjZCvFW+m200rvJRuYcWg==",
      "size": 56055361,
      "url": "electron-quick-start-typescript-1.0.4-x86_64.rpm",
    },
    {
      "sha512": "2mUqhYKCSlAw1aWUNz2707tsqcp2/xSAsVrUVZtKZyfZEzGus63L/A5sW963i1jfuzrWk0HfdyUqYNFNS2HSWA==",
      "size": 56075488,
      "url": "electron-quick-start-typescript-1.0.4-x64.pacman",
    },
  ],
  "path": "electron-quick-start-typescript-1.0.4-x86_64.AppImage",
  "releaseDate": "2024-09-08T16:57:10.775Z",
  "releaseName": "1.0.4",
  "releaseNotes": "<p>pacman autoupdate release added</p>",
  "sha512": "u6MIxgkAyGQJNoQh/xZaVN2quQ7+So3t5RXnA2RspDuF0PiMk4q3xE5DhjnTdYCUpFANykEyt/QfmSriGoRamw==",
  "tag": "v1.0.4",
  "version": "1.0.4",
}
`;

exports[`Linux Updater Test > test fedora download and install (zypper) 2`] = `
[
  "checking-for-update",
  "update-available",
  "update-downloaded",
]
`;
