// Vitest Snapshot v1, https://vitest.dev/guide/snapshot.html

exports[`windowsExecutableCodeSignatureVerifier (unit) > preparePowerShellExec params > exe and args match snapshot 1`] = `
[
  "powershell.exe",
  [
    "-NoProfile",
    "-NonInteractive",
    "-InputFormat",
    "None",
    "-EncodedCommand",
    "SQBtAHAAbwByAHQALQBNAG8AZAB1AGwAZQAgAE0AaQBjAHIAbwBzAG8AZgB0AC4AUABvAHcAZQByAFMAaABlAGwAbAAuAFMAZQBjAHUAcgBpAHQAeQA7ACAAJABlAG4AdgA6AFAAUwBNAG8AZAB1AGwAZQBQAGEAdABoACAAPQAgACIAIgA7ACAAJABPAHUAdABwAHUAdABFAG4AYwBvAGQAaQBuAGcAIAA9ACAAWwBDAG8AbgBzAG8AbABlAF0AOgA6AE8AdQB0AHAAdQB0AEUAbgBjAG8AZABpAG4AZwAgAD0AIABbAFQAZQB4AHQALgBFAG4AYwBvAGQAaQBuAGcAXQA6ADoAVQBUAEYAOAA7ACAARwBlAHQALQBBAHUAdABoAGUAbgB0AGkAYwBvAGQAZQBTAGkAZwBuAGEAdAB1AHIAZQAgAC0ATABpAHQAZQByAGEAbABQAGEAdABoACAAJwAvAHQAbQBwAC8AdABlAHMAdAAtAHUAcABkAGEAdABlAC0AMQAuADAALgAxAC4AZQB4AGUAJwAgAHwAIABDAG8AbgB2AGUAcgB0AFQAbwAtAEoAcwBvAG4AIAAtAEMAbwBtAHAAcgBlAHMAcwA=",
  ],
]
`;
